protein_structure front matches brute force: True 21
slice_localization front matches brute force: True 28
OK asha_mo 20 dups 0 1.5s
OK bananas_mo 40 dups 0 7.4s
OK bartnik_p3 40 dups 0 87.3s
OK bohb_mo 20 dups 0 5.8s
OK botorch_qnehvi 25 dups 0 6.4s
OK botorch_qparego 25 dups 0 2.3s
OK canonical_p3_scalar_fihc 40 dups 0 77.3s
OK hyperband_mo 20 dups 0 0.0s
OK mo_bohb 40 dups 0 0.3s
OK mo_ls 40 dups 0 0.0s
OK moead 40 dups 0 1.3s
OK nsga3 40 dups 0 0.0s
OK nsga_net 40 dups 0 0.0s
OK nsganetv2 40 dups 0 0.0s
SKIP nsganetv2_continuous not_yet_implemented
OK oss_vizier 25 (rerun separately: the first attempt imported a scratch file named tree.py that shadowed dm-tree; not a code fault)
OK p3_absolute 40 dups 0 0.4s
OK p3_alone 40 dups 0 0.3s
OK p3_alone_pop20 40 dups 0 0.2s
OK p3_alone_pop40 40 dups 0 0.0s
OK p3net 40 dups 0 0.5s
OK p3net_bartnik 40 dups 0 9.5s
OK p3net_bartnik_fihc 40 dups 0 21.9s
OK p3net_cascade 40 dups 0 0.8s
OK p3net_elympus 40 dups 0 15.8s
OK p3net_f1_truncation 40 dups 0 0.4s
OK p3net_grow_on_stall 40 dups 0 0.7s
OK p3net_inherited_cost 40 dups 0 0.5s
OK p3net_kappa_double 40 dups 0 0.5s
OK p3net_kappa_half 40 dups 0 0.3s
OK p3net_s1_initial 40 dups 0 0.2s
OK p3net_s2_analytic_cost 40 dups 0 0.2s
OK p3net_s3_ridge 40 dups 0 0.2s
OK p3net_s4_eager_mixing 40 dups 0 1.4s
OK p3net_surrogate_interactions 40 dups 0 0.5s
OK p3net_threshold_permissive 40 dups 0 0.5s
OK p3net_threshold_strict 40 dups 0 0.4s
OK p3net_transient_donors 40 dups 0 0.3s
OK przewozniczek_p3elympus 40 dups 0 81.7s
OK random_search 40 dups 0 0.0s
OK regularized_evolution_mo 40 dups 0 0.0s
OK reinforce_mo 40 dups 0 0.0s
OK sh_emoa 40 dups 0 0.0s
OK smac3_parego 40 dups 0 0.7s
OK tpe 40 dups 0 0.2s
